node.exe : [1A[2K[2m[WebServer] [22m 
[33m[1mΓÜá[22m[39m Warning: Next.js 
inferred your workspace root, but it may not 
be correct.
At C:\Program Files\nodejs\npx.ps1:29 char:3
+   & $NODE_EXE $NPX_CLI_JS $args
+   ~~~~~~~~~~~~~~~~~~~~~~~~~~~~~
    + CategoryInfo          : NotSpecified:  
   ([1A[2K[2m[We...not be correct.:Strin  
  g) [], RemoteException
    + FullyQualifiedErrorId : NativeCommandE 
   rror
 
[2m[WebServer] [22m We detected multiple 
lockfiles and selected the directory of 
C:\Users\arsal\package-lock.json as the root 
directory.
[2m[WebServer] [22m To silence this 
warning, set `outputFileTracingRoot` in your 
Next.js config, or consider removing one of 
the lockfiles if it's not needed.
[2m[WebServer] [22m   See https://nextjs.or
g/docs/app/api-reference/config/next-config-j
s/output#caveats for more information.
[2m[WebServer] [22m Detected additional 
lockfiles: 
[2m[WebServer] [22m   * C:\Users\arsal\Desk
top\Projects\bloglog\client\package-lock.json
[2m[WebServer] [22m   * C:\Users\arsal\Desk
top\Projects\bloglog\package-lock.json
[2m[WebServer] [22m

[1A[2K[2m[WebServer] [22m 
[33m[1mΓÜá[22m[39m "next start" does not 
work with "output: standalone" 
configuration. Use "node 
.next/standalone/server.js" instead.


Running 3 tests using 3 workers

[1A[2K[1/3] [chromium] ΓÇ║ tests\e2e.spec.ts:15:5 ΓÇ║ login redirect
[1A[2K[2/3] [chromium] ΓÇ║ tests\e2e.spec.ts:3:5 ΓÇ║ has title
[1A[2K[3/3] [chromium] ΓÇ║ tests\e2e.spec.ts:8:5 ΓÇ║ can navigate to explore
[1A[2K  1) [chromium] ΓÇ║ tests\e2e.spec.ts:15:5 ΓÇ║ login redirect ΓöÇΓöÇΓöÇΓöÇΓöÇΓöÇΓöÇΓöÇΓöÇΓöÇΓöÇΓöÇΓöÇΓöÇΓöÇΓöÇΓöÇΓöÇΓöÇΓöÇΓöÇΓöÇΓöÇΓöÇΓöÇΓöÇΓöÇΓöÇΓöÇΓöÇΓöÇΓöÇΓöÇΓöÇΓöÇΓöÇΓöÇΓöÇΓöÇΓöÇΓöÇΓöÇ

    Error: browserType.launch: Executable doesn't exist at C:\Users\arsal\AppData\Local\ms-playwright\chromium_headless_shell-1200\chrome-headless-shell-win64\chrome-headless-shell.exe
    ΓòöΓòÉΓòÉΓòÉΓòÉΓòÉΓòÉΓòÉΓòÉΓòÉΓòÉΓòÉΓòÉΓòÉΓòÉΓòÉΓòÉΓòÉΓòÉΓòÉΓòÉΓòÉΓòÉΓòÉΓòÉΓòÉΓòÉΓòÉΓòÉΓòÉΓòÉΓòÉΓòÉΓòÉΓòÉΓòÉΓòÉΓòÉΓòÉΓòÉΓòÉΓòÉΓòÉΓòÉΓòÉΓòÉΓòÉΓòÉΓòÉΓòÉΓòÉΓòÉΓòÉΓòÉΓòÉΓòÉΓòÉΓòÉΓòÉΓòÉΓòÉΓòÉΓòÉΓòÉΓòÉΓòÉΓòÉΓòÉΓòÉΓòÉΓòÉΓòÉΓòÉΓòÉΓòù
    Γòæ Looks like Playwright Test or Playwright was just installed or updated. Γòæ
    Γòæ Please run the following command to download new browsers:              Γòæ
    Γòæ                                                                         Γòæ
    Γòæ     npx playwright install                                              Γòæ
    Γòæ                                                                         Γòæ
    Γòæ <3 Playwright Team                                                      Γòæ
    ΓòÜΓòÉΓòÉΓòÉΓòÉΓòÉΓòÉΓòÉΓòÉΓòÉΓòÉΓòÉΓòÉΓòÉΓòÉΓòÉΓòÉΓòÉΓòÉΓòÉΓòÉΓòÉΓòÉΓòÉΓòÉΓòÉΓòÉΓòÉΓòÉΓòÉΓòÉΓòÉΓòÉΓòÉΓòÉΓòÉΓòÉΓòÉΓòÉΓòÉΓòÉΓòÉΓòÉΓòÉΓòÉΓòÉΓòÉΓòÉΓòÉΓòÉΓòÉΓòÉΓòÉΓòÉΓòÉΓòÉΓòÉΓòÉΓòÉΓòÉΓòÉΓòÉΓòÉΓòÉΓòÉΓòÉΓòÉΓòÉΓòÉΓòÉΓòÉΓòÉΓòÉΓòÉΓò¥


[1A[2K  2) [chromium] ΓÇ║ tests\e2e.spec.ts:3:5 ΓÇ║ has title ΓöÇΓöÇΓöÇΓöÇΓöÇΓöÇΓöÇΓöÇΓöÇΓöÇΓöÇΓöÇΓöÇΓöÇΓöÇΓöÇΓöÇΓöÇΓöÇΓöÇΓöÇΓöÇΓöÇΓöÇΓöÇΓöÇΓöÇΓöÇΓöÇΓöÇΓöÇΓöÇΓöÇΓöÇΓöÇΓöÇΓöÇΓöÇΓöÇΓöÇΓöÇΓöÇΓöÇΓöÇΓöÇΓöÇΓöÇΓöÇ

    Error: browserType.launch: Executable doesn't exist at C:\Users\arsal\AppData\Local\ms-playwright\chromium_headless_shell-1200\chrome-headless-shell-win64\chrome-headless-shell.exe
    ΓòöΓòÉΓòÉΓòÉΓòÉΓòÉΓòÉΓòÉΓòÉΓòÉΓòÉΓòÉΓòÉΓòÉΓòÉΓòÉΓòÉΓòÉΓòÉΓòÉΓòÉΓòÉΓòÉΓòÉΓòÉΓòÉΓòÉΓòÉΓòÉΓòÉΓòÉΓòÉΓòÉΓòÉΓòÉΓòÉΓòÉΓòÉΓòÉΓòÉΓòÉΓòÉΓòÉΓòÉΓòÉΓòÉΓòÉΓòÉΓòÉΓòÉΓòÉΓòÉΓòÉΓòÉΓòÉΓòÉΓòÉΓòÉΓòÉΓòÉΓòÉΓòÉΓòÉΓòÉΓòÉΓòÉΓòÉΓòÉΓòÉΓòÉΓòÉΓòÉΓòÉΓòÉΓòù
    Γòæ Looks like Playwright Test or Playwright was just installed or updated. Γòæ
    Γòæ Please run the following command to download new browsers:              Γòæ
    Γòæ                                                                         Γòæ
    Γòæ     npx playwright install                                              Γòæ
    Γòæ                                                                         Γòæ
    Γòæ <3 Playwright Team                                                      Γòæ
    ΓòÜΓòÉΓòÉΓòÉΓòÉΓòÉΓòÉΓòÉΓòÉΓòÉΓòÉΓòÉΓòÉΓòÉΓòÉΓòÉΓòÉΓòÉΓòÉΓòÉΓòÉΓòÉΓòÉΓòÉΓòÉΓòÉΓòÉΓòÉΓòÉΓòÉΓòÉΓòÉΓòÉΓòÉΓòÉΓòÉΓòÉΓòÉΓòÉΓòÉΓòÉΓòÉΓòÉΓòÉΓòÉΓòÉΓòÉΓòÉΓòÉΓòÉΓòÉΓòÉΓòÉΓòÉΓòÉΓòÉΓòÉΓòÉΓòÉΓòÉΓòÉΓòÉΓòÉΓòÉΓòÉΓòÉΓòÉΓòÉΓòÉΓòÉΓòÉΓòÉΓòÉΓòÉΓò¥


[1A[2K  3) [chromium] ΓÇ║ tests\e2e.spec.ts:8:5 ΓÇ║ can navigate to explore ΓöÇΓöÇΓöÇΓöÇΓöÇΓöÇΓöÇΓöÇΓöÇΓöÇΓöÇΓöÇΓöÇΓöÇΓöÇΓöÇΓöÇΓöÇΓöÇΓöÇΓöÇΓöÇΓöÇΓöÇΓöÇΓöÇΓöÇΓöÇΓöÇΓöÇΓöÇΓöÇΓöÇΓöÇ

    Error: browserType.launch: Executable doesn't exist at C:\Users\arsal\AppData\Local\ms-playwright\chromium_headless_shell-1200\chrome-headless-shell-win64\chrome-headless-shell.exe
    ΓòöΓòÉΓòÉΓòÉΓòÉΓòÉΓòÉΓòÉΓòÉΓòÉΓòÉΓòÉΓòÉΓòÉΓòÉΓòÉΓòÉΓòÉΓòÉΓòÉΓòÉΓòÉΓòÉΓòÉΓòÉΓòÉΓòÉΓòÉΓòÉΓòÉΓòÉΓòÉΓòÉΓòÉΓòÉΓòÉΓòÉΓòÉΓòÉΓòÉΓòÉΓòÉΓòÉΓòÉΓòÉΓòÉΓòÉΓòÉΓòÉΓòÉΓòÉΓòÉΓòÉΓòÉΓòÉΓòÉΓòÉΓòÉΓòÉΓòÉΓòÉΓòÉΓòÉΓòÉΓòÉΓòÉΓòÉΓòÉΓòÉΓòÉΓòÉΓòÉΓòÉΓòÉΓòù
    Γòæ Looks like Playwright Test or Playwright was just installed or updated. Γòæ
    Γòæ Please run the following command to download new browsers:              Γòæ
    Γòæ                                                                         Γòæ
    Γòæ     npx playwright install                                              Γòæ
    Γòæ                                                                         Γòæ
    Γòæ <3 Playwright Team                                                      Γòæ
    ΓòÜΓòÉΓòÉΓòÉΓòÉΓòÉΓòÉΓòÉΓòÉΓòÉΓòÉΓòÉΓòÉΓòÉΓòÉΓòÉΓòÉΓòÉΓòÉΓòÉΓòÉΓòÉΓòÉΓòÉΓòÉΓòÉΓòÉΓòÉΓòÉΓòÉΓòÉΓòÉΓòÉΓòÉΓòÉΓòÉΓòÉΓòÉΓòÉΓòÉΓòÉΓòÉΓòÉΓòÉΓòÉΓòÉΓòÉΓòÉΓòÉΓòÉΓòÉΓòÉΓòÉΓòÉΓòÉΓòÉΓòÉΓòÉΓòÉΓòÉΓòÉΓòÉΓòÉΓòÉΓòÉΓòÉΓòÉΓòÉΓòÉΓòÉΓòÉΓòÉΓòÉΓòÉΓò¥


[1A[2K  3 failed
    [chromium] ΓÇ║ tests\e2e.spec.ts:3:5 ΓÇ║ has title ΓöÇΓöÇΓöÇΓöÇΓöÇΓöÇΓöÇΓöÇΓöÇΓöÇΓöÇΓöÇΓöÇΓöÇΓöÇΓöÇΓöÇΓöÇΓöÇΓöÇΓöÇΓöÇΓöÇΓöÇΓöÇΓöÇΓöÇΓöÇΓöÇΓöÇΓöÇΓöÇΓöÇΓöÇΓöÇΓöÇΓöÇΓöÇΓöÇΓöÇΓöÇΓöÇΓöÇΓöÇΓöÇΓöÇΓöÇΓöÇΓöÇ
    [chromium] ΓÇ║ tests\e2e.spec.ts:8:5 ΓÇ║ can navigate to explore ΓöÇΓöÇΓöÇΓöÇΓöÇΓöÇΓöÇΓöÇΓöÇΓöÇΓöÇΓöÇΓöÇΓöÇΓöÇΓöÇΓöÇΓöÇΓöÇΓöÇΓöÇΓöÇΓöÇΓöÇΓöÇΓöÇΓöÇΓöÇΓöÇΓöÇΓöÇΓöÇΓöÇΓöÇΓöÇ
    [chromium] ΓÇ║ tests\e2e.spec.ts:15:5 ΓÇ║ login redirect ΓöÇΓöÇΓöÇΓöÇΓöÇΓöÇΓöÇΓöÇΓöÇΓöÇΓöÇΓöÇΓöÇΓöÇΓöÇΓöÇΓöÇΓöÇΓöÇΓöÇΓöÇΓöÇΓöÇΓöÇΓöÇΓöÇΓöÇΓöÇΓöÇΓöÇΓöÇΓöÇΓöÇΓöÇΓöÇΓöÇΓöÇΓöÇΓöÇΓöÇΓöÇΓöÇΓöÇ

[36m  Serving HTML report at http://localhost:54959. Press Ctrl+C to quit.[39m
